// Jest Snapshot v1, https://goo.gl/fbAQLP

exports[`<McgContainer/> renders 1`] = `
<DocumentFragment>
  <div
    class="App"
  >
    <header
      class="App-header"
    >
      <img
        alt="logo"
        class="Table"
        src="table.png"
      />
      <button
        class="Start-Button"
      >
        Start
      </button>
      <div
        style="display: flex; width: 100%;"
      />
    </header>
  </div>
</DocumentFragment>
`;
